[www.consultaenderecos.com.br/index.html]
[backblue.gif]
[fade.gif]
[index.html]
[www.consultaenderecos.com.br/assets/bootstrap-023c4d82f20da127ad058357882659237e76.css]
[www.consultaenderecos.com.br/assets/style-f5eeb712fa9390ba1f1fec7e482a06367e76.css]
[www.consultaenderecos.com.br/assets/font-awesome-069347923bdc32a4b84ee8e756a3137a7e76.css]
[www.consultaenderecos.com.br/assets/jquery_ujs-512c5d7d86f455cca4e36d86e93acf187e76.js]
[www.consultaenderecos.com.br/assets/turbolinks-d651ab99abe7019241079915159bc0ce7e76.js]
[www.consultaenderecos.com.br/assets/custom-e7153e31674e68b62de2359f5da5edf17e76.js]
[www.consultaenderecos.com.br/assets/google-analytics-c3411c31260a95af917122ca0fa7d3587e76.js]
[www.consultaenderecos.com.br/assets/bootstrap.min-c388612d6a8af2cb2535beea1ff3457e7e76.js]
[www.consultaenderecos.com.br/assets/jquery.hoverdir-ffe1a9cbba457229f114ca725b7c47be7e76.js]
[www.consultaenderecos.com.br/assets/jquery.hoverex.min-f06624ac2c8967895115fc7bfb0136467e76.js]
[www.consultaenderecos.com.br/assets/jquery-ui.custom.min-e9015d935ee43fa6647bc84a8b9df1787e76.js]
[www.consultaenderecos.com.br/assets/jquery.isotope.min-3de822833111ac2a74400549d4ab513e7e76.js]
[www.consultaenderecos.com.br/assets/mapa-bdf6f4f4ea995923e9236ee13ae53a907e76.js]
[www.consultaenderecos.com.br/assets/retina-1.1.0-4a9a44c9906afbddd62fda997141acc07e76.js]
[www.consultaenderecos.com.br/assets/jquery.prettyPhoto-b974cdebc2841daa702e88df9fa1ff087e76.js]
[apis.google.com/js/plusone.js]
[www.consultaenderecos.com.br/assets/jquery.min-19f17196c8a285835b6f26fca329a8a77e76.js]
[apis.google.com/js/platform.js]
[www.consultaenderecos.com.br/assets/jquery-a10659cc4a299e854138631dabbb5b567e76.js]
[netdna.bootstrapcdn.com/font-awesome/4.0.3/css/font-awesome.css]
[pagead2.googlesyndication.com/pagead/js/f.txt]
[www.consultaenderecos.com.br/busca-cep.html]
[www.consultaenderecos.com.br/busca-endereco.html]
[www.consultaenderecos.com.br/sobre.html]
[www.consultaenderecos.com.br/contato.html]
[www.consultaenderecos.com.br/assets/consultaenderecos-3e54140b28a3cddf43991006a8af842d.jpg]
[www.consultaenderecos.com.br/assets/globe-83867c0f78283f6c280fe5282a06b4d0.jpg]
[ajax.googleapis.com/ajax/libs/jquery/1.11.0/jquery.min.js]
[www.consultaenderecos.com.br/index.html]
[www.consultaenderecos.com.br/fonts/glyphicons-halflings-regular.1d.delayed]
[www.consultaenderecos.com.br/fonts/glyphicons-halflings-regulard41d.eot]
[www.consultaenderecos.com.br/fonts/glyphicons-halflings-regular.woff]
[www.consultaenderecos.com.br/fonts/glyphicons-halflings-regular.ttf]
[www.consultaenderecos.com.br/fonts/glyphicons-halflings-regular.svg]
[www.consultaenderecos.com.br/assets/bootstrap-023c4d82f20da127ad058357882659237e76.css]
[www.consultaenderecos.com.br/assets/style-f5eeb712fa9390ba1f1fec7e482a06367e76.css]
[www.consultaenderecos.com.br/assets/fonts/fontawesome-webfontba72.eot]
[www.consultaenderecos.com.br/assets/fonts/fontawesome-webfontd41d.eot]
[www.consultaenderecos.com.br/assets/fonts/fontawesome-webfontba72.woff]
[www.consultaenderecos.com.br/assets/fonts/fontawesome-webfontba72.ttf]
[www.consultaenderecos.com.br/assets/fonts/fontawesome-webfontba72.svg]
[www.consultaenderecos.com.br/assets/font-awesome-069347923bdc32a4b84ee8e756a3137a7e76.css]
[www.consultaenderecos.com.br/assets/application-72ab80178c83196221c9af732d57e8dd7e76.js]
[netdna.bootstrapcdn.com/font-awesome/4.0.3/css/font-awesome.css]
[www.consultaenderecos.com.br/busca-cep.html]
[www.consultaenderecos.com.br/busca-endereco.html]
[www.consultaenderecos.com.br/sobre.html]
[www.consultaenderecos.com.br/contato.html]
[www.consultaenderecos.com.br/fonts/glyphicons-halflings-regular.html]
[www.consultaenderecos.com.br/fonts/glyphicons-halflings-regulard41d.html]
[www.consultaenderecos.com.br/fonts/glyphicons-halflings-regular-2.html]
[www.consultaenderecos.com.br/fonts/glyphicons-halflings-regular-3.html]
[www.consultaenderecos.com.br/fonts/glyphicons-halflings-regular-4.html]
[www.consultaenderecos.com.br/assets/fonts/fontawesome-webfontba72.html]
[www.consultaenderecos.com.br/assets/fonts/fontawesome-webfontd41d.html]
[www.consultaenderecos.com.br/assets/fonts/fontawesome-webfontba72-2.html]
[www.consultaenderecos.com.br/assets/fonts/fontawesome-webfontba72-3.html]
[www.consultaenderecos.com.br/assets/fonts/fontawesome-webfontba72-4.html]
